// Jest Snapshot v1, https://goo.gl/fbAQLP

exports[`testing FavouriteQuotesList component should display favourite list 1`] = `
<withOrientation
  style={
    Object {
      "alignItems": "center",
      "flex": 1,
      "justifyContent": "center",
    }
  }
>
  <View
    style={
      Object {
        "height": "100%",
        "width": "100%",
      }
    }
  >
    <FlatList
      disableVirtualization={false}
      horizontal={false}
      initialNumToRender={10}
      keyExtractor={[Function]}
      keyIterator={[Function]}
      maxToRenderPerBatch={10}
      numColumns={1}
      onEndReachedThreshold={2}
      renderItem={[Function]}
      scrollEventThrottle={50}
      style={
        Object {
          "flex": 1,
          "width": "100%",
        }
      }
      updateCellsBatchingPeriod={50}
      windowSize={21}
    />
  </View>
</withOrientation>
`;

exports[`testing FavouriteQuotesList component should wait for favourites 1`] = `
<View
  style={
    Object {
      "alignItems": "center",
      "flex": 1,
      "justifyContent": "center",
    }
  }
>
  <Component
    animating={true}
    color="#999999"
    hidesWhenStopped={true}
    size="large"
  />
</View>
`;
